
BUILD FAILED
C:\Users\khue\Documents\IdeaProjects\TMCProjects\mooc-2013-OOProgrammingWithJava-PART2\week9-week9_26.PhoneSearch\nbproject\build-impl.xml:603: The following error occurred while executing this line:
C:\Users\khue\Documents\IdeaProjects\TMCProjects\mooc-2013-OOProgrammingWithJava-PART2\week9-week9_26.PhoneSearch\nbproject\build-impl.xml:245: Error running javac.exe compiler

Total time: 0 seconds
